../Drivers/STM32G0xx_HAL_Driver/Inc/stm32g0xx_ll_bus.h:1135:22:LL_IOP_GRP1_EnableClock	8	static
../Core/Src/main.c:145:6:SystemClock_Config	8	static,ignoring_inline_asm
../Core/Src/main.c:357:6:LED_On	0	static
../Core/Src/main.c:361:6:LED_Off	0	static
../Core/Src/main.c:365:6:UartSend	12	static,ignoring_inline_asm
../Core/Src/main.c:382:6:USART_TXEmpty_Callback	8	static,ignoring_inline_asm
../Core/Src/main.c:394:6:USART_CharTransmitComplete_Callback	0	static,ignoring_inline_asm
../Core/Src/main.c:399:10:val2str	40	dynamic
../Core/Src/main.c:80:5:main	136	static,ignoring_inline_asm
../Core/Src/main.c:430:6:Error_Handler	0	static,ignoring_inline_asm
