../Drivers/STM32G0xx_HAL_Driver/Inc/stm32g0xx_ll_usart.h:3008:26:LL_USART_IsActiveFlag_TC	16	static
../Drivers/STM32G0xx_HAL_Driver/Inc/stm32g0xx_ll_usart.h:3023:26:LL_USART_IsActiveFlag_TXE_TXFNF	16	static
../Drivers/STM32G0xx_HAL_Driver/Inc/stm32g0xx_ll_usart.h:3346:22:LL_USART_ClearFlag_TC	16	static
../Drivers/STM32G0xx_HAL_Driver/Inc/stm32g0xx_ll_usart.h:3921:26:LL_USART_IsEnabledIT_TC	16	static
../Drivers/STM32G0xx_HAL_Driver/Inc/stm32g0xx_ll_usart.h:3936:26:LL_USART_IsEnabledIT_TXE_TXFNF	16	static
../Core/Src/stm32g0xx_it.c:69:6:NMI_Handler	8	static
../Core/Src/stm32g0xx_it.c:84:6:HardFault_Handler	8	static
../Core/Src/stm32g0xx_it.c:99:6:SVC_Handler	8	static
../Core/Src/stm32g0xx_it.c:112:6:PendSV_Handler	8	static
../Core/Src/stm32g0xx_it.c:125:6:SysTick_Handler	8	static
../Core/Src/stm32g0xx_it.c:146:6:USART2_IRQHandler	8	static
